// Jest Snapshot v1, https://goo.gl/fbAQLP

exports[`JobCard Component renders Job Card 1`] = `
<DocumentFragment>
  <div>
    <div
      class="job-card"
    >
      <div
        class="job-card-information"
      >
        <div
          class="job-card-sameLineInfo"
        >
          <h2>
            Job Position
          </h2>
          <p
            style="margin: auto 0px;"
          >
            Date Posted
          </p>
        </div>
        <h3>
          Company Name
        </h3>
        <p>
          Full Time / Part Time
        </p>
      </div>
    </div>
  </div>
</DocumentFragment>
`;
